Loading scene...
Loading map...
Error
	all_texture_end_of_the_map.cub: Map: is empty
Quitting...
