Loading scene...
Loading map...
Error
	big_map_open_2.cub: Map: is open
Quitting...
