Loading scene...
Loading map...
Error
	big_map_open_1.cub: Map: is open
Quitting...
