Loading scene...
Error
	empty.cub: Invalid texture: NO
	empty.cub: Invalid texture: SO
	empty.cub: Invalid texture: WE
	empty.cub: Invalid texture: EA
	empty.cub: Invalid RGB: C
	empty.cub: Invalid RGB: F
Quitting...
