Loading scene...
Error
	fail_rgb.cub: Invalid RGB: C
	fail_rgb.cub: Invalid RGB: F
	fail_rgb.cub: Incorrect field: C
Quitting...
