Loading scene...
Loading map...
Error
	map_space_between_line.cub: Map: is open
Quitting...
