Loading scene...
Loading map...
Error
	map_space_open.cub: Map: is open
Quitting...
