Loading scene...
Loading map...
Error
	map_space_between.cub: Map: is open
Quitting...
