Loading scene...
Loading map...
Error
	map_first.cub: Map: is empty
Quitting...
