Loading scene...
Error
	missing_no.cub: Invalid texture: NO
	missing_no.cub: Invalid RGB: C
	missing_no.cub: Incorrect field: C
Quitting...
