Loading scene...
Error
	missing_so.cub: Invalid texture: SO
	missing_so.cub: Invalid RGB: C
	missing_so.cub: Invalid RGB: F
Quitting...
