Loading scene...
Loading map...
Error
	one_texture_middle_of_map.cub: Map: is open
Quitting...
