Loading scene...
Loading map...
Error
	only_walls_in_map.cub: Map: missing player
Quitting...
