Loading scene...
Error
	only_map.cub: Invalid texture: NO
	only_map.cub: Invalid texture: SO
	only_map.cub: Invalid texture: WE
	only_map.cub: Invalid texture: EA
	only_map.cub: Invalid RGB: C
	only_map.cub: Invalid RGB: F
Quitting...
