Loading scene...
Loading map...
Error
	only_one_wall_in_map.cub: Map: missing player
Quitting...
