Loading scene...
Error
	rgb_multiple.cub: Invalid RGB: F
Quitting...
