Loading scene...
Loading map...
Error
	sous_map_2.cub: Map: is open
	sous_map_2.cub: Map: too many players
Quitting...
