Loading scene...
Loading map...
Error
	space_instead_of_zero_open.cub: Map: is open
Quitting...
